// Jest Snapshot v1, https://goo.gl/fbAQLP

exports[`<CardCourse> empty matches snapshot 1`] = `
<div class="card-wrapper empty">
  <div class="card empty">
    <div class="infos"><span class="subject"><span class="subject-name"></span></span>
      <div class="room-and-time">
        <div class="room">â€”</div>
      </div>
    </div>
  </div>
</div>
`;

exports[`<CardCourse> with a course matches snapshot 1`] = `
<div class="card-wrapper">
  <div class="card" style="background-color: red;">
    <div class="infos"><span class="subject"><span class="subject-name"></span></span>
      <div class="room-and-time">
        <div class="room">L102</div>
      </div>
    </div>
  </div>
</div>
`;
